1791163997.662552 client started (11500): version 3.4, socket /tmp/tmux-1000/default, protocol 8
1791163997.662572 on Linux 7.0.0-34-generic #34~24.04.1-Ubuntu SMP PREEMPT_DYNAMIC Fri Sep  4 15:38:29 UTC 2
1791163997.662575 using libevent 2.1.12-stable poll
1791163997.662576 using ncurses 6.4 20240113
1791163997.662584 flags are 0x10010000
1791163997.662591 socket is /tmp/tmux-1000/default
1791163997.662604 trying connect
1791163997.662665 add peer 0x5b41e749c360: 6 ((nil))
1791163997.662830 sending message 100 to peer 0x5b41e749c360 (4 bytes)
1791163997.662832 sending message 111 to peer 0x5b41e749c360 (8 bytes)
1791163997.662834 sending message 101 to peer 0x5b41e749c360 (16 bytes)
1791163997.662835 sending message 109 to peer 0x5b41e749c360 (4 bytes)
1791163997.662836 sending message 102 to peer 0x5b41e749c360 (11 bytes)
1791163997.662837 sending message 108 to peer 0x5b41e749c360 (33 bytes)
1791163997.662839 sending message 112 to peer 0x5b41e749c360 (70 bytes)
1791163997.662840 sending message 112 to peer 0x5b41e749c360 (5 bytes)
1791163997.662841 sending message 112 to peer 0x5b41e749c360 (5 bytes)
1791163997.662844 sending message 112 to peer 0x5b41e749c360 (6 bytes)
1791163997.662846 sending message 112 to peer 0x5b41e749c360 (6 bytes)
1791163997.662847 sending message 112 to peer 0x5b41e749c360 (11 bytes)
1791163997.662849 sending message 112 to peer 0x5b41e749c360 (10 bytes)
1791163997.662851 sending message 112 to peer 0x5b41e749c360 (13 bytes)
1791163997.662852 sending message 112 to peer 0x5b41e749c360 (13 bytes)
1791163997.662854 sending message 112 to peer 0x5b41e749c360 (18 bytes)
1791163997.662855 sending message 112 to peer 0x5b41e749c360 (11 bytes)
1791163997.662857 sending message 112 to peer 0x5b41e749c360 (21 bytes)
1791163997.662858 sending message 112 to peer 0x5b41e749c360 (13 bytes)
1791163997.662860 sending message 112 to peer 0x5b41e749c360 (7 bytes)
1791163997.662861 sending message 112 to peer 0x5b41e749c360 (13 bytes)
1791163997.662863 sending message 112 to peer 0x5b41e749c360 (7 bytes)
1791163997.662865 sending message 112 to peer 0x5b41e749c360 (13 bytes)
1791163997.662866 sending message 112 to peer 0x5b41e749c360 (9 bytes)
1791163997.662868 sending message 112 to peer 0x5b41e749c360 (21 bytes)
1791163997.662870 sending message 112 to peer 0x5b41e749c360 (13 bytes)
1791163997.662871 sending message 112 to peer 0x5b41e749c360 (8 bytes)
1791163997.662873 sending message 112 to peer 0x5b41e749c360 (12 bytes)
1791163997.662875 sending message 112 to peer 0x5b41e749c360 (13 bytes)
1791163997.662877 sending message 112 to peer 0x5b41e749c360 (9 bytes)
1791163997.662878 sending message 112 to peer 0x5b41e749c360 (9 bytes)
1791163997.662880 sending message 112 to peer 0x5b41e749c360 (12 bytes)
1791163997.662882 sending message 112 to peer 0x5b41e749c360 (8 bytes)
1791163997.662884 sending message 112 to peer 0x5b41e749c360 (7 bytes)
1791163997.662886 sending message 112 to peer 0x5b41e749c360 (7 bytes)
1791163997.662887 sending message 112 to peer 0x5b41e749c360 (9 bytes)
1791163997.662889 sending message 112 to peer 0x5b41e749c360 (13 bytes)
1791163997.662891 sending message 112 to peer 0x5b41e749c360 (9 bytes)
1791163997.662892 sending message 112 to peer 0x5b41e749c360 (15 bytes)
1791163997.662894 sending message 112 to peer 0x5b41e749c360 (13 bytes)
1791163997.662896 sending message 112 to peer 0x5b41e749c360 (12 bytes)
1791163997.662897 sending message 112 to peer 0x5b41e749c360 (8 bytes)
1791163997.662899 sending message 112 to peer 0x5b41e749c360 (14 bytes)
1791163997.662901 sending message 112 to peer 0x5b41e749c360 (9 bytes)
1791163997.662912 sending message 112 to peer 0x5b41e749c360 (10 bytes)
1791163997.662914 sending message 112 to peer 0x5b41e749c360 (10 bytes)
1791163997.662916 sending message 112 to peer 0x5b41e749c360 (10 bytes)
1791163997.662917 sending message 112 to peer 0x5b41e749c360 (10 bytes)
1791163997.662920 sending message 112 to peer 0x5b41e749c360 (11 bytes)
1791163997.662922 sending message 112 to peer 0x5b41e749c360 (10 bytes)
1791163997.662924 sending message 112 to peer 0x5b41e749c360 (8 bytes)
1791163997.662931 sending message 112 to peer 0x5b41e749c360 (11 bytes)
1791163997.662933 sending message 112 to peer 0x5b41e749c360 (11 bytes)
1791163997.662935 sending message 112 to peer 0x5b41e749c360 (11 bytes)
1791163997.662937 sending message 112 to peer 0x5b41e749c360 (8 bytes)
1791163997.662939 sending message 112 to peer 0x5b41e749c360 (8 bytes)
1791163997.662940 sending message 112 to peer 0x5b41e749c360 (8 bytes)
1791163997.662942 sending message 112 to peer 0x5b41e749c360 (10 bytes)
1791163997.662944 sending message 112 to peer 0x5b41e749c360 (10 bytes)
1791163997.662946 sending message 112 to peer 0x5b41e749c360 (10 bytes)
1791163997.662948 sending message 112 to peer 0x5b41e749c360 (10 bytes)
1791163997.662949 sending message 112 to peer 0x5b41e749c360 (10 bytes)
1791163997.662951 sending message 112 to peer 0x5b41e749c360 (11 bytes)
1791163997.662953 sending message 112 to peer 0x5b41e749c360 (11 bytes)
1791163997.662954 sending message 112 to peer 0x5b41e749c360 (10 bytes)
1791163997.662956 sending message 112 to peer 0x5b41e749c360 (9 bytes)
1791163997.662958 sending message 112 to peer 0x5b41e749c360 (9 bytes)
1791163997.662960 sending message 112 to peer 0x5b41e749c360 (12 bytes)
1791163997.662961 sending message 112 to peer 0x5b41e749c360 (9 bytes)
1791163997.662963 sending message 112 to peer 0x5b41e749c360 (6 bytes)
1791163997.662965 sending message 112 to peer 0x5b41e749c360 (13 bytes)
1791163997.662967 sending message 112 to peer 0x5b41e749c360 (8 bytes)
1791163997.662969 sending message 112 to peer 0x5b41e749c360 (15 bytes)
1791163997.662970 sending message 112 to peer 0x5b41e749c360 (13 bytes)
1791163997.662971 sending message 112 to peer 0x5b41e749c360 (70 bytes)
1791163997.662973 sending message 112 to peer 0x5b41e749c360 (69 bytes)
1791163997.662974 sending message 112 to peer 0x5b41e749c360 (10 bytes)
1791163997.662975 sending message 112 to peer 0x5b41e749c360 (8 bytes)
1791163997.662976 sending message 112 to peer 0x5b41e749c360 (15 bytes)
1791163997.662977 sending message 112 to peer 0x5b41e749c360 (13 bytes)
1791163997.662978 sending message 112 to peer 0x5b41e749c360 (10 bytes)
1791163997.662979 sending message 112 to peer 0x5b41e749c360 (10 bytes)
1791163997.662981 sending message 112 to peer 0x5b41e749c360 (5 bytes)
1791163997.662982 sending message 112 to peer 0x5b41e749c360 (15 bytes)
1791163997.662983 sending message 104 to peer 0x5b41e749c360 (0 bytes)
1791163997.662984 sending message 110 to peer 0x5b41e749c360 (0 bytes)
1791163997.662986 sending message 107 to peer 0x5b41e749c360 (4 bytes)
1791163997.662987 sending message 105 to peer 0x5b41e749c360 (20 bytes)
1791163997.662988 sending message 105 to peer 0x5b41e749c360 (54 bytes)
1791163997.662989 sending message 105 to peer 0x5b41e749c360 (23 bytes)
1791163997.662990 sending message 105 to peer 0x5b41e749c360 (11 bytes)
1791163997.662992 sending message 105 to peer 0x5b41e749c360 (18 bytes)
1791163997.662993 sending message 105 to peer 0x5b41e749c360 (44 bytes)
1791163997.662994 sending message 105 to peer 0x5b41e749c360 (45 bytes)
1791163997.662995 sending message 105 to peer 0x5b41e749c360 (23 bytes)
1791163997.662996 sending message 105 to peer 0x5b41e749c360 (32 bytes)
1791163997.662997 sending message 105 to peer 0x5b41e749c360 (86 bytes)
1791163997.662998 sending message 105 to peer 0x5b41e749c360 (30 bytes)
1791163997.663000 sending message 105 to peer 0x5b41e749c360 (35 bytes)
1791163997.663001 sending message 105 to peer 0x5b41e749c360 (28 bytes)
1791163997.663002 sending message 105 to peer 0x5b41e749c360 (20 bytes)
1791163997.663003 sending message 105 to peer 0x5b41e749c360 (45 bytes)
1791163997.663004 sending message 105 to peer 0x5b41e749c360 (17 bytes)
1791163997.663005 sending message 105 to peer 0x5b41e749c360 (8 bytes)
1791163997.663006 sending message 105 to peer 0x5b41e749c360 (17 bytes)
1791163997.663007 sending message 105 to peer 0x5b41e749c360 (32 bytes)
1791163997.663009 sending message 105 to peer 0x5b41e749c360 (1817 bytes)
1791163997.663017 sending message 105 to peer 0x5b41e749c360 (155 bytes)
1791163997.663020 sending message 105 to peer 0x5b41e749c360 (51 bytes)
1791163997.663021 sending message 105 to peer 0x5b41e749c360 (55 bytes)
1791163997.663022 sending message 105 to peer 0x5b41e749c360 (16 bytes)
1791163997.663023 sending message 105 to peer 0x5b41e749c360 (28 bytes)
1791163997.663025 sending message 105 to peer 0x5b41e749c360 (64 bytes)
1791163997.663026 sending message 105 to peer 0x5b41e749c360 (40 bytes)
1791163997.663027 sending message 105 to peer 0x5b41e749c360 (11 bytes)
1791163997.663028 sending message 105 to peer 0x5b41e749c360 (566 bytes)
1791163997.663030 sending message 105 to peer 0x5b41e749c360 (43 bytes)
1791163997.663031 sending message 105 to peer 0x5b41e749c360 (37 bytes)
1791163997.663032 sending message 105 to peer 0x5b41e749c360 (19 bytes)
1791163997.663034 sending message 105 to peer 0x5b41e749c360 (18 bytes)
1791163997.663036 sending message 105 to peer 0x5b41e749c360 (126 bytes)
1791163997.663038 sending message 105 to peer 0x5b41e749c360 (19 bytes)
1791163997.663039 sending message 105 to peer 0x5b41e749c360 (8 bytes)
1791163997.663041 sending message 105 to peer 0x5b41e749c360 (41 bytes)
1791163997.663043 sending message 105 to peer 0x5b41e749c360 (22 bytes)
1791163997.663044 sending message 105 to peer 0x5b41e749c360 (21 bytes)
1791163997.663046 sending message 105 to peer 0x5b41e749c360 (18 bytes)
1791163997.663048 sending message 105 to peer 0x5b41e749c360 (25 bytes)
1791163997.663050 sending message 105 to peer 0x5b41e749c360 (35 bytes)
1791163997.663052 sending message 105 to peer 0x5b41e749c360 (13 bytes)
1791163997.663054 sending message 105 to peer 0x5b41e749c360 (14 bytes)
1791163997.663056 sending message 105 to peer 0x5b41e749c360 (18 bytes)
1791163997.663058 sending message 105 to peer 0x5b41e749c360 (17 bytes)
1791163997.663060 sending message 105 to peer 0x5b41e749c360 (26 bytes)
1791163997.663062 sending message 105 to peer 0x5b41e749c360 (54 bytes)
1791163997.663064 sending message 105 to peer 0x5b41e749c360 (33 bytes)
1791163997.663065 sending message 105 to peer 0x5b41e749c360 (67 bytes)
1791163997.663067 sending message 105 to peer 0x5b41e749c360 (23 bytes)
1791163997.663069 sending message 105 to peer 0x5b41e749c360 (31 bytes)
1791163997.663070 sending message 105 to peer 0x5b41e749c360 (23 bytes)
1791163997.663072 sending message 105 to peer 0x5b41e749c360 (27 bytes)
1791163997.663074 sending message 105 to peer 0x5b41e749c360 (25 bytes)
1791163997.663076 sending message 105 to peer 0x5b41e749c360 (20 bytes)
1791163997.663077 sending message 105 to peer 0x5b41e749c360 (30 bytes)
1791163997.663079 sending message 105 to peer 0x5b41e749c360 (42 bytes)
1791163997.663081 sending message 105 to peer 0x5b41e749c360 (28 bytes)
1791163997.663083 sending message 105 to peer 0x5b41e749c360 (16 bytes)
1791163997.663085 sending message 105 to peer 0x5b41e749c360 (78 bytes)
1791163997.663087 sending message 106 to peer 0x5b41e749c360 (0 bytes)
1791163997.663165 sending message 200 to peer 0x5b41e749c360 (4 bytes)
1791163997.663167 client loop enter
1791163997.663387 peer 0x5b41e749c360 message 303
1791163997.663390 open write file 2 -
1791163997.663395 sending message 305 to peer 0x5b41e749c360 (8 bytes)
1791163997.663402 write check file 2
1791163997.663430 peer 0x5b41e749c360 message 304
1791163997.663431 write 58 to file 2
1791163997.663434 peer 0x5b41e749c360 message 203
1791163997.663436 file 2 58 bytes left
1791163997.663445 write check file 2
1791163997.663446 client loop exit
